[0m11:16:16.352310 [debug] [MainThread]: Sending event: {'category': 'dbt', 'action': 'invocation', 'label': 'start', 'context': [<snowplow_tracker.self_describing_json.SelfDescribingJson object at 0x000001B01A6FB8C0>, <snowplow_tracker.self_describing_json.SelfDescribingJson object at 0x000001B01BB53C50>, <snowplow_tracker.self_describing_json.SelfDescribingJson object at 0x000001B01BB539D0>]}


============================== 11:16:16.359432 | 8bb026fa-ba68-44af-ae22-233b8b6846c6 ==============================
[0m11:16:16.359432 [info ] [MainThread]: Running with dbt=1.11.7
[0m11:16:16.360028 [debug] [MainThread]: running dbt with arguments {'static_parser': 'True', 'no_print': 'None', 'version_check': 'True', 'warn_error_options': 'WarnErrorOptionsV2(error=[], warn=[], silence=[])', 'target_path': 'None', 'printer_width': '80', 'write_json': 'True', 'empty': 'None', 'log_cache_events': 'False', 'introspect': 'True', 'cache_selected_only': 'False', 'log_format': 'default', 'debug': 'False', 'fail_fast': 'False', 'profiles_dir': 'E:\\projetos\\pessoal\\dbt', 'send_anonymous_usage_stats': 'True', 'quiet': 'False', 'warn_error': 'None', 'partial_parse': 'True', 'use_colors': 'True', 'indirect_selection': 'eager', 'invocation_command': 'dbt init --skip-profile-setup airbnb', 'use_experimental_parser': 'False', 'log_path': 'logs'}
[0m11:16:16.459968 [debug] [MainThread]: Starter project path: E:\projetos\pessoal\dbt\.venv\Lib\site-packages\dbt\include\starter_project
[0m11:16:16.474296 [info ] [MainThread]: 
Your new dbt project "airbnb" was created!

For more information on how to configure the profiles.yml file,
please consult the dbt documentation here:

  https://docs.getdbt.com/docs/configure-your-profile

One more thing:

Need help? Don't hesitate to reach out to us via GitHub issues or on Slack:

  https://community.getdbt.com/

Happy modeling!

[0m11:16:16.475359 [debug] [MainThread]: Command `dbt init` succeeded at 11:16:16.475233 after 0.34 seconds
[0m11:16:16.475695 [debug] [MainThread]: Sending event: {'category': 'dbt', 'action': 'invocation', 'label': 'end', 'context': [<snowplow_tracker.self_describing_json.SelfDescribingJson object at 0x000001B01CC44050>, <snowplow_tracker.self_describing_json.SelfDescribingJson object at 0x000001B01CBE5250>, <snowplow_tracker.self_describing_json.SelfDescribingJson object at 0x000001B01B9E7460>]}
[0m11:16:16.476053 [debug] [MainThread]: Flushing usage events
[0m11:16:17.096095 [debug] [MainThread]: An error was encountered while trying to flush usage events
[0m11:17:40.800633 [debug] [MainThread]: Sending event: {'category': 'dbt', 'action': 'invocation', 'label': 'start', 'context': [<snowplow_tracker.self_describing_json.SelfDescribingJson object at 0x000001DAD752B8C0>, <snowplow_tracker.self_describing_json.SelfDescribingJson object at 0x000001DAD8983C50>, <snowplow_tracker.self_describing_json.SelfDescribingJson object at 0x000001DAD89839D0>]}


============================== 11:17:40.805473 | bf318c8a-4c3e-45cc-97d4-54bcdef79519 ==============================
[0m11:17:40.805473 [info ] [MainThread]: Running with dbt=1.11.7
[0m11:17:40.806058 [debug] [MainThread]: running dbt with arguments {'version_check': 'True', 'no_print': 'None', 'static_parser': 'True', 'warn_error_options': 'WarnErrorOptionsV2(error=[], warn=[], silence=[])', 'target_path': 'None', 'printer_width': '80', 'write_json': 'True', 'introspect': 'True', 'log_cache_events': 'False', 'empty': 'None', 'cache_selected_only': 'False', 'fail_fast': 'False', 'debug': 'False', 'log_format': 'default', 'partial_parse': 'True', 'send_anonymous_usage_stats': 'True', 'quiet': 'False', 'warn_error': 'None', 'profiles_dir': 'C:\\Users\\braulio_figueiredo\\.dbt', 'invocation_command': 'dbt debug', 'indirect_selection': 'eager', 'use_colors': 'True', 'use_experimental_parser': 'False', 'log_path': 'logs'}
[0m11:17:40.825345 [info ] [MainThread]: dbt version: 1.11.7
[0m11:17:40.825835 [info ] [MainThread]: python version: 3.13.11
[0m11:17:40.826174 [info ] [MainThread]: python path: E:\projetos\pessoal\dbt\.venv\Scripts\python.exe
[0m11:17:40.826540 [info ] [MainThread]: os info: Windows-11-10.0.26200-SP0
[0m11:17:40.827282 [info ] [MainThread]: Using profiles dir at C:\Users\braulio_figueiredo\.dbt
[0m11:17:40.827886 [info ] [MainThread]: Using profiles.yml file at C:\Users\braulio_figueiredo\.dbt\profiles.yml
[0m11:17:40.828278 [info ] [MainThread]: Using dbt_project.yml file at E:\projetos\pessoal\dbt\dbt_project.yml
[0m11:17:40.828691 [info ] [MainThread]: Configuration:
[0m11:17:40.829131 [info ] [MainThread]:   profiles.yml file [[31mERROR not found[0m]
[0m11:17:40.829545 [info ] [MainThread]:   dbt_project.yml file [[31mERROR not found[0m]
[0m11:17:40.829927 [info ] [MainThread]: Required dependencies:
[0m11:17:40.830291 [debug] [MainThread]: Executing "git --help"
[0m11:17:40.873070 [debug] [MainThread]: STDOUT: "b"usage: git [-v | --version] [-h | --help] [-C <path>] [-c <name>=<value>]\n           [--exec-path[=<path>]] [--html-path] [--man-path] [--info-path]\n           [-p | --paginate | -P | --no-pager] [--no-replace-objects] [--bare]\n           [--git-dir=<path>] [--work-tree=<path>] [--namespace=<name>]\n           [--config-env=<name>=<envvar>] <command> [<args>]\n\nThese are common Git commands used in various situations:\n\nstart a working area (see also: git help tutorial)\n   clone     Clone a repository into a new directory\n   init      Create an empty Git repository or reinitialize an existing one\n\nwork on the current change (see also: git help everyday)\n   add       Add file contents to the index\n   mv        Move or rename a file, a directory, or a symlink\n   restore   Restore working tree files\n   rm        Remove files from the working tree and from the index\n\nexamine the history and state (see also: git help revisions)\n   bisect    Use binary search to find the commit that introduced a bug\n   diff      Show changes between commits, commit and working tree, etc\n   grep      Print lines matching a pattern\n   log       Show commit logs\n   show      Show various types of objects\n   status    Show the working tree status\n\ngrow, mark and tweak your common history\n   branch    List, create, or delete branches\n   commit    Record changes to the repository\n   merge     Join two or more development histories together\n   rebase    Reapply commits on top of another base tip\n   reset     Reset current HEAD to the specified state\n   switch    Switch branches\n   tag       Create, list, delete or verify a tag object signed with GPG\n\ncollaborate (see also: git help workflows)\n   fetch     Download objects and refs from another repository\n   pull      Fetch from and integrate with another repository or a local branch\n   push      Update remote refs along with associated objects\n\n'git help -a' and 'git help -g' list available subcommands and some\nconcept guides. See 'git help <command>' or 'git help <concept>'\nto read about a specific subcommand or concept.\nSee 'git help git' for an overview of the system.\n""
[0m11:17:40.873479 [debug] [MainThread]: STDERR: "b''"
[0m11:17:40.873866 [info ] [MainThread]:  - git [[32mOK found[0m]

[0m11:17:40.874298 [info ] [MainThread]: Connection test skipped since no profile was found
[0m11:17:40.874823 [info ] [MainThread]: [31m2 checks failed:[0m
[0m11:17:40.875163 [info ] [MainThread]: dbt looked for a profiles.yml file in C:\Users\braulio_figueiredo\.dbt\profiles.yml, but did
not find one. For more information on configuring your profile, consult the
documentation:

https://docs.getdbt.com/docs/configure-your-profile


[0m11:17:40.875519 [info ] [MainThread]: Project loading failed for the following reason:
 project path <E:\projetos\pessoal\dbt\dbt_project.yml> not found

[0m11:17:40.876344 [debug] [MainThread]: Command `dbt debug` failed at 11:17:40.876227 after 0.24 seconds
[0m11:17:40.876711 [debug] [MainThread]: Sending event: {'category': 'dbt', 'action': 'invocation', 'label': 'end', 'context': [<snowplow_tracker.self_describing_json.SelfDescribingJson object at 0x000001DAD899A650>, <snowplow_tracker.self_describing_json.SelfDescribingJson object at 0x000001DAD89BCB90>, <snowplow_tracker.self_describing_json.SelfDescribingJson object at 0x000001DAD8813AC0>]}
[0m11:17:40.877112 [debug] [MainThread]: Flushing usage events
[0m11:17:41.501608 [debug] [MainThread]: An error was encountered while trying to flush usage events
[0m21:12:09.788132 [debug] [MainThread]: Sending event: {'category': 'dbt', 'action': 'invocation', 'label': 'start', 'context': [<snowplow_tracker.self_describing_json.SelfDescribingJson object at 0x00000187D114B8C0>, <snowplow_tracker.self_describing_json.SelfDescribingJson object at 0x00000187D25ABC50>, <snowplow_tracker.self_describing_json.SelfDescribingJson object at 0x00000187D25AB9D0>]}


============================== 21:12:09.797262 | dcf58a46-e23a-45a9-8268-8dc227fb015b ==============================
[0m21:12:09.797262 [info ] [MainThread]: Running with dbt=1.11.7
[0m21:12:09.797870 [debug] [MainThread]: running dbt with arguments {'version_check': 'True', 'no_print': 'None', 'static_parser': 'True', 'warn_error_options': 'WarnErrorOptionsV2(error=[], warn=[], silence=[])', 'target_path': 'None', 'printer_width': '80', 'write_json': 'True', 'introspect': 'True', 'log_cache_events': 'False', 'empty': 'False', 'cache_selected_only': 'False', 'log_format': 'default', 'debug': 'False', 'fail_fast': 'False', 'profiles_dir': 'C:\\Users\\braulio_figueiredo\\.dbt', 'send_anonymous_usage_stats': 'True', 'quiet': 'False', 'warn_error': 'None', 'partial_parse': 'True', 'use_colors': 'True', 'indirect_selection': 'eager', 'invocation_command': 'dbt run', 'use_experimental_parser': 'False', 'log_path': 'logs'}
[0m21:12:09.798269 [error] [MainThread]: Encountered an error:
Runtime Error
  No dbt_project.yml found at expected path E:\projetos\pessoal\dbt\dbt_project.yml
  Verify that each entry within packages.yml (and their transitive dependencies) contains a file named dbt_project.yml
  
[0m21:12:09.799061 [debug] [MainThread]: Command `dbt run` failed at 21:12:09.798957 after 0.23 seconds
[0m21:12:09.799366 [debug] [MainThread]: Sending event: {'category': 'dbt', 'action': 'invocation', 'label': 'end', 'context': [<snowplow_tracker.self_describing_json.SelfDescribingJson object at 0x00000187D25C6190>, <snowplow_tracker.self_describing_json.SelfDescribingJson object at 0x00000187D35B0A70>, <snowplow_tracker.self_describing_json.SelfDescribingJson object at 0x00000187D2437570>]}
[0m21:12:09.799731 [debug] [MainThread]: Flushing usage events
[0m21:12:10.493152 [debug] [MainThread]: An error was encountered while trying to flush usage events
[0m10:45:17.670355 [debug] [MainThread]: Sending event: {'category': 'dbt', 'action': 'invocation', 'label': 'start', 'context': [<snowplow_tracker.self_describing_json.SelfDescribingJson object at 0x000001F2D80738C0>, <snowplow_tracker.self_describing_json.SelfDescribingJson object at 0x000001F2D94EBC50>, <snowplow_tracker.self_describing_json.SelfDescribingJson object at 0x000001F2D94EB9D0>]}


============================== 10:45:17.678578 | 43804655-9f0a-41a8-a68c-eabe4e1f8a9e ==============================
[0m10:45:17.678578 [info ] [MainThread]: Running with dbt=1.11.7
[0m10:45:17.679151 [debug] [MainThread]: running dbt with arguments {'version_check': 'True', 'no_print': 'None', 'static_parser': 'True', 'target_path': 'None', 'warn_error_options': 'WarnErrorOptionsV2(error=[], warn=[], silence=[])', 'printer_width': '80', 'write_json': 'True', 'introspect': 'True', 'log_cache_events': 'False', 'empty': 'False', 'cache_selected_only': 'False', 'log_format': 'default', 'debug': 'False', 'fail_fast': 'False', 'partial_parse': 'True', 'send_anonymous_usage_stats': 'True', 'quiet': 'False', 'warn_error': 'None', 'profiles_dir': 'C:\\Users\\braulio_figueiredo\\.dbt', 'invocation_command': 'dbt run', 'indirect_selection': 'eager', 'use_colors': 'True', 'use_experimental_parser': 'False', 'log_path': 'logs'}
[0m10:45:17.679591 [error] [MainThread]: Encountered an error:
Runtime Error
  No dbt_project.yml found at expected path E:\projetos\pessoal\dbt\dbt_project.yml
  Verify that each entry within packages.yml (and their transitive dependencies) contains a file named dbt_project.yml
  
[0m10:45:17.680431 [debug] [MainThread]: Command `dbt run` failed at 10:45:17.680312 after 0.19 seconds
[0m10:45:17.680762 [debug] [MainThread]: Sending event: {'category': 'dbt', 'action': 'invocation', 'label': 'end', 'context': [<snowplow_tracker.self_describing_json.SelfDescribingJson object at 0x000001F2D9502190>, <snowplow_tracker.self_describing_json.SelfDescribingJson object at 0x000001F2DA4F0A70>, <snowplow_tracker.self_describing_json.SelfDescribingJson object at 0x000001F2D9373570>]}
[0m10:45:17.681094 [debug] [MainThread]: Flushing usage events
[0m10:45:18.396226 [debug] [MainThread]: An error was encountered while trying to flush usage events
[0m08:14:19.724982 [debug] [MainThread]: Sending event: {'category': 'dbt', 'action': 'invocation', 'label': 'start', 'context': [<snowplow_tracker.self_describing_json.SelfDescribingJson object at 0x0000017C677AB8C0>, <snowplow_tracker.self_describing_json.SelfDescribingJson object at 0x0000017C68C0BC50>, <snowplow_tracker.self_describing_json.SelfDescribingJson object at 0x0000017C68C0B9D0>]}


============================== 08:14:19.733289 | e10f96e0-2a39-4d95-9749-f9e015801484 ==============================
[0m08:14:19.733289 [info ] [MainThread]: Running with dbt=1.11.7
[0m08:14:19.733920 [debug] [MainThread]: running dbt with arguments {'version_check': 'True', 'no_print': 'None', 'static_parser': 'True', 'warn_error_options': 'WarnErrorOptionsV2(error=[], warn=[], silence=[])', 'target_path': 'None', 'printer_width': '80', 'write_json': 'True', 'empty': 'False', 'log_cache_events': 'False', 'introspect': 'True', 'cache_selected_only': 'False', 'fail_fast': 'False', 'debug': 'False', 'log_format': 'default', 'profiles_dir': 'C:\\Users\\braulio_figueiredo\\.dbt', 'send_anonymous_usage_stats': 'True', 'quiet': 'False', 'warn_error': 'None', 'partial_parse': 'True', 'indirect_selection': 'eager', 'use_colors': 'True', 'invocation_command': 'dbt snapshot', 'use_experimental_parser': 'False', 'log_path': 'logs'}
[0m08:14:19.734379 [error] [MainThread]: Encountered an error:
Runtime Error
  No dbt_project.yml found at expected path E:\projetos\pessoal\dbt\dbt_project.yml
  Verify that each entry within packages.yml (and their transitive dependencies) contains a file named dbt_project.yml
  
[0m08:14:19.735352 [debug] [MainThread]: Command `dbt snapshot` failed at 08:14:19.735195 after 0.24 seconds
[0m08:14:19.735780 [debug] [MainThread]: Sending event: {'category': 'dbt', 'action': 'invocation', 'label': 'end', 'context': [<snowplow_tracker.self_describing_json.SelfDescribingJson object at 0x0000017C68C26190>, <snowplow_tracker.self_describing_json.SelfDescribingJson object at 0x0000017C69C10A70>, <snowplow_tracker.self_describing_json.SelfDescribingJson object at 0x0000017C68A97570>]}
[0m08:14:19.736159 [debug] [MainThread]: Flushing usage events
[0m08:14:20.543424 [debug] [MainThread]: An error was encountered while trying to flush usage events
[0m18:36:09.395718 [debug] [MainThread]: Sending event: {'category': 'dbt', 'action': 'invocation', 'label': 'start', 'context': [<snowplow_tracker.self_describing_json.SelfDescribingJson object at 0x000001F29E9E38C0>, <snowplow_tracker.self_describing_json.SelfDescribingJson object at 0x000001F29FE4BC50>, <snowplow_tracker.self_describing_json.SelfDescribingJson object at 0x000001F29FE4B9D0>]}


============================== 18:36:09.404081 | 45cb11d7-d0f6-4791-a86b-cf316a87c70d ==============================
[0m18:36:09.404081 [info ] [MainThread]: Running with dbt=1.11.7
[0m18:36:09.404735 [debug] [MainThread]: running dbt with arguments {'static_parser': 'True', 'no_print': 'None', 'version_check': 'True', 'target_path': 'None', 'warn_error_options': 'WarnErrorOptionsV2(error=[], warn=[], silence=[])', 'printer_width': '80', 'write_json': 'True', 'introspect': 'True', 'log_cache_events': 'False', 'empty': 'None', 'cache_selected_only': 'False', 'fail_fast': 'False', 'debug': 'False', 'log_format': 'default', 'partial_parse': 'True', 'send_anonymous_usage_stats': 'True', 'quiet': 'False', 'warn_error': 'None', 'profiles_dir': 'C:\\Users\\braulio_figueiredo\\.dbt', 'indirect_selection': 'eager', 'invocation_command': 'dbt test', 'use_colors': 'True', 'use_experimental_parser': 'False', 'log_path': 'logs'}
[0m18:36:09.405789 [error] [MainThread]: Encountered an error:
Runtime Error
  No dbt_project.yml found at expected path E:\projetos\pessoal\dbt\dbt_project.yml
  Verify that each entry within packages.yml (and their transitive dependencies) contains a file named dbt_project.yml
  
[0m18:36:09.406655 [debug] [MainThread]: Command `dbt test` failed at 18:36:09.406533 after 0.21 seconds
[0m18:36:09.407095 [debug] [MainThread]: Sending event: {'category': 'dbt', 'action': 'invocation', 'label': 'end', 'context': [<snowplow_tracker.self_describing_json.SelfDescribingJson object at 0x000001F29FE62190>, <snowplow_tracker.self_describing_json.SelfDescribingJson object at 0x000001F2A0E50A70>, <snowplow_tracker.self_describing_json.SelfDescribingJson object at 0x000001F29FCD3570>]}
[0m18:36:09.407477 [debug] [MainThread]: Flushing usage events
[0m18:36:10.245616 [debug] [MainThread]: An error was encountered while trying to flush usage events
